=== RERUN C08-modelling-or-talent-agency.spec.ts attempt=3 20:30:32 ===

Running 7 tests using 1 worker

[1A[2K(node:46608) Warning: The 'NO_COLOR' env is ignored due to the 'FORCE_COLOR' env being set.
(Use `node --trace-warnings ...` to show where the warning was created)


[1A[2K(node:46608) Warning: The 'NO_COLOR' env is ignored due to the 'FORCE_COLOR' env being set.
(Use `node --trace-warnings ...` to show where the warning was created)


[1A[2K[1/7] [chromium] › e2e/cases/C08-modelling-or-talent-agency.spec.ts:71:5 › C08-CUS smoke: storefront body is reachable — not a journey pass
[1A[2K[2/7] [chromium] › e2e/cases/C08-modelling-or-talent-agency.spec.ts:75:5 › C08-OP smoke: operator Sales heading is reachable — not a journey pass
[1A[2K[3/7] [chromium] › e2e/cases/C08-modelling-or-talent-agency.spec.ts:80:5 › C08-CUS inquiry: directory guest chat submits and DB agrees
[1A[2K[4/7] [chromium] › e2e/cases/C08-modelling-or-talent-agency.spec.ts:123:5 › C08-OP assign: staff adds talent and drafts offer
[1A[2K  1) [chromium] › e2e/cases/C08-modelling-or-talent-agency.spec.ts:123:5 › C08-OP assign: staff adds talent and drafts offer 

    Error: locator.click: Error: strict mode violation: getByRole('button', { name: /qa journeys talent/i }) resolved to 5 elements:
        1) <button type="button" data-tulala-inbox-row="true">…</button> aka getByRole('button', { name: 'Nadia Varela 23h Nadia Varela' }).first()
        2) <button type="button" data-tulala-inbox-row="true">…</button> aka getByRole('button', { name: 'Nadia Varela 23h Nadia Varela' }).nth(1)
        3) <button type="button" data-tulala-inbox-row="true">…</button> aka getByRole('button', { name: 'Nadia Varela 23h Nadia Varela' }).nth(2)
        4) <button type="button" data-tulala-inbox-row="true">…</button> aka getByRole('button', { name: 'Nadia Varela 23h Nadia Varela' }).nth(3)
        5) <button type="button">…</button> aka getByRole('button', { name: 'QA Journeys Talent', exact: true })

    Call log:
    [2m  - waiting for getByRole('button', { name: /qa journeys talent/i })[22m


      177 |     await expect(rosterSearch).toBeVisible({ timeout: 10_000 });
      178 |     await rosterSearch.fill("QA Journeys");
    > 179 |     await page.getByRole("button", { name: /qa journeys talent/i }).click();
          |                                                                     ^
      180 |     await expect(page.getByText(/invited|added to lineup/i).first()).toBeVisible({
      181 |       timeout: 20_000,
      182 |     });
        at /workspace/web/e2e/cases/C08-modelling-or-talent-agency.spec.ts:179:69

    Error Context: test-results/cases-C08-modelling-or-tal-2b90e-dds-talent-and-drafts-offer-chromium/error-context.md

    attachment #2: trace (application/zip) ─────────────────────────────────────────────────────────
    test-results/cases-C08-modelling-or-tal-2b90e-dds-talent-and-drafts-offer-chromium/trace.zip
    Usage:

        npx playwright show-trace test-results/cases-C08-modelling-or-tal-2b90e-dds-talent-and-drafts-offer-chromium/trace.zip

    ────────────────────────────────────────────────────────────────────────────────────────────────


[1A[2K(node:47268) Warning: The 'NO_COLOR' env is ignored due to the 'FORCE_COLOR' env being set.
(Use `node --trace-warnings ...` to show where the warning was created)


[1A[2K(node:47268) Warning: The 'NO_COLOR' env is ignored due to the 'FORCE_COLOR' env being set.
(Use `node --trace-warnings ...` to show where the warning was created)


[1A[2K[5/7] [chromium] › e2e/cases/C08-modelling-or-talent-agency.spec.ts:211:5 › C08-OP send: staff prices a line and sends the offer
[1A[2K  2) [chromium] › e2e/cases/C08-modelling-or-talent-agency.spec.ts:211:5 › C08-OP send: staff prices a line and sends the offer 

    Error: locator.click: Error: strict mode violation: getByRole('button', { name: /qa journeys talent/i }) resolved to 5 elements:
        1) <button type="button" data-tulala-inbox-row="true">…</button> aka getByRole('button', { name: 'Nadia Varela 23h Nadia Varela' }).first()
        2) <button type="button" data-tulala-inbox-row="true">…</button> aka getByRole('button', { name: 'Nadia Varela 23h Nadia Varela' }).nth(1)
        3) <button type="button" data-tulala-inbox-row="true">…</button> aka getByRole('button', { name: 'Nadia Varela 23h Nadia Varela' }).nth(2)
        4) <button type="button" data-tulala-inbox-row="true">…</button> aka getByRole('button', { name: 'Nadia Varela 23h Nadia Varela' }).nth(3)
        5) <button type="button">…</button> aka getByRole('button', { name: 'QA Journeys Talent', exact: true })

    Call log:
    [2m  - waiting for getByRole('button', { name: /qa journeys talent/i })[22m


      272 |     await expect(rosterSearch).toBeVisible({ timeout: 10_000 });
      273 |     await rosterSearch.fill("QA Journeys");
    > 274 |     await page.getByRole("button", { name: /qa journeys talent/i }).click();
          |                                                                     ^
      275 |     await expect(page.getByText(/invited|added to lineup/i).first()).toBeVisible({
      276 |       timeout: 20_000,
      277 |     });
        at /workspace/web/e2e/cases/C08-modelling-or-talent-agency.spec.ts:274:69

    Error Context: test-results/cases-C08-modelling-or-tal-659bc--a-line-and-sends-the-offer-chromium/error-context.md

    attachment #2: trace (application/zip) ─────────────────────────────────────────────────────────
    test-results/cases-C08-modelling-or-tal-659bc--a-line-and-sends-the-offer-chromium/trace.zip
    Usage:

        npx playwright show-trace test-results/cases-C08-modelling-or-tal-659bc--a-line-and-sends-the-offer-chromium/trace.zip

    ────────────────────────────────────────────────────────────────────────────────────────────────


[1A[2K(node:47563) Warning: The 'NO_COLOR' env is ignored due to the 'FORCE_COLOR' env being set.
(Use `node --trace-warnings ...` to show where the warning was created)


[1A[2K(node:47563) Warning: The 'NO_COLOR' env is ignored due to the 'FORCE_COLOR' env being set.
(Use `node --trace-warnings ...` to show where the warning was created)


[1A[2K[6/7] [chromium] › e2e/cases/C08-modelling-or-talent-agency.spec.ts:336:5 › C08-TAL accept: talent approves the sent offer
[1A[2K  3) [chromium] › e2e/cases/C08-modelling-or-talent-agency.spec.ts:336:5 › C08-TAL accept: talent approves the sent offer 

    Error: [2mexpect([22m[31mlocator[39m[2m).[22mtoBeVisible[2m([22m[2m)[22m failed

    Locator: getByRole('button', { name: /approve offer/i })
    Expected: visible
    Timeout: 40000ms
    Error: element(s) not found

    Call log:
    [2m  - Expect "toBeVisible" with timeout 40000ms[22m
    [2m  - waiting for getByRole('button', { name: /approve offer/i })[22m


      363 |     await row.click();
      364 |   }
    > 365 |   await expect(approve).toBeVisible({ timeout: 40_000 });
          |                         ^
      366 |   await approve.click();
      367 |   await expect(
      368 |     page.getByText(/offer approved|waiting on client|awaiting client/i).first(),
        at /workspace/web/e2e/cases/C08-modelling-or-talent-agency.spec.ts:365:25

    Error Context: test-results/cases-C08-modelling-or-tal-90bed-ent-approves-the-sent-offer-chromium/error-context.md

    attachment #2: trace (application/zip) ─────────────────────────────────────────────────────────
    test-results/cases-C08-modelling-or-tal-90bed-ent-approves-the-sent-offer-chromium/trace.zip
    Usage:

        npx playwright show-trace test-results/cases-C08-modelling-or-tal-90bed-ent-approves-the-sent-offer-chromium/trace.zip

    ────────────────────────────────────────────────────────────────────────────────────────────────


[1A[2K(node:47911) Warning: The 'NO_COLOR' env is ignored due to the 'FORCE_COLOR' env being set.
(Use `node --trace-warnings ...` to show where the warning was created)


[1A[2K(node:47911) Warning: The 'NO_COLOR' env is ignored due to the 'FORCE_COLOR' env being set.
(Use `node --trace-warnings ...` to show where the warning was created)


[1A[2K[7/7] [chromium] › e2e/cases/C08-modelling-or-talent-agency.spec.ts:392:5 › C08-CUS accept: claimed client approves the sent offer
[1A[2K  4) [chromium] › e2e/cases/C08-modelling-or-talent-agency.spec.ts:392:5 › C08-CUS accept: claimed client approves the sent offer 

    Error: [2mexpect([22m[31mlocator[39m[2m).[22mtoHaveCount[2m([22m[32mexpected[39m[2m)[22m failed

    Locator:  getByRole('heading', { name: /no client account here/i })
    Expected: [32m0[39m
    Received: [31m1[39m
    Timeout:  5000ms

    Call log:
    [2m  - Expect "toHaveCount" with timeout 5000ms[22m
    [2m  - waiting for getByRole('heading', { name: /no client account here/i })[22m
    [2m    9 × locator resolved to 1 element[22m
    [2m      - unexpected value "1"[22m


      412 |     { timeout: 40_000 },
      413 |   );
    > 414 |   await expect(page.getByRole("heading", { name: /no client account here/i })).toHaveCount(0);
          |                                                                                ^
      415 |   await expect(page.getByRole("heading", { name: /this page is no longer here/i })).toHaveCount(0);
      416 |   await expect(page.getByText(/host not registered/i)).toHaveCount(0);
      417 |
        at /workspace/web/e2e/cases/C08-modelling-or-talent-agency.spec.ts:414:80

    Error Context: test-results/cases-C08-modelling-or-tal-04f66-ent-approves-the-sent-offer-chromium/error-context.md

    attachment #2: trace (application/zip) ─────────────────────────────────────────────────────────
    test-results/cases-C08-modelling-or-tal-04f66-ent-approves-the-sent-offer-chromium/trace.zip
    Usage:

        npx playwright show-trace test-results/cases-C08-modelling-or-tal-04f66-ent-approves-the-sent-offer-chromium/trace.zip

    ────────────────────────────────────────────────────────────────────────────────────────────────


[1A[2K  4 failed
    [chromium] › e2e/cases/C08-modelling-or-talent-agency.spec.ts:123:5 › C08-OP assign: staff adds talent and drafts offer 
    [chromium] › e2e/cases/C08-modelling-or-talent-agency.spec.ts:211:5 › C08-OP send: staff prices a line and sends the offer 
    [chromium] › e2e/cases/C08-modelling-or-talent-agency.spec.ts:336:5 › C08-TAL accept: talent approves the sent offer 
    [chromium] › e2e/cases/C08-modelling-or-talent-agency.spec.ts:392:5 › C08-CUS accept: claimed client approves the sent offer 
  3 passed (2.4m)
