=== RERUN C08-modelling-or-talent-agency.spec.ts attempt=4 20:35:40 ===

Running 7 tests using 1 worker

[1A[2K(node:48959) Warning: The 'NO_COLOR' env is ignored due to the 'FORCE_COLOR' env being set.
(Use `node --trace-warnings ...` to show where the warning was created)


[1A[2K(node:48959) Warning: The 'NO_COLOR' env is ignored due to the 'FORCE_COLOR' env being set.
(Use `node --trace-warnings ...` to show where the warning was created)


[1A[2K[1/7] [chromium] › e2e/cases/C08-modelling-or-talent-agency.spec.ts:71:5 › C08-CUS smoke: storefront body is reachable — not a journey pass
[1A[2K[2/7] [chromium] › e2e/cases/C08-modelling-or-talent-agency.spec.ts:75:5 › C08-OP smoke: operator Sales heading is reachable — not a journey pass
[1A[2K[3/7] [chromium] › e2e/cases/C08-modelling-or-talent-agency.spec.ts:80:5 › C08-CUS inquiry: directory guest chat submits and DB agrees
[1A[2K[4/7] [chromium] › e2e/cases/C08-modelling-or-talent-agency.spec.ts:123:5 › C08-OP assign: staff adds talent and drafts offer
[1A[2K[5/7] [chromium] › e2e/cases/C08-modelling-or-talent-agency.spec.ts:211:5 › C08-OP send: staff prices a line and sends the offer
[1A[2K  1) [chromium] › e2e/cases/C08-modelling-or-talent-agency.spec.ts:211:5 › C08-OP send: staff prices a line and sends the offer 

    Error: [2mexpect([22m[31mlocator[39m[2m).[22mtoBeVisible[2m([22m[2m)[22m failed

    Locator: getByRole('button', { name: /\+ add line item/i })
    Expected: visible
    Timeout: 20000ms
    Error: element(s) not found

    Call log:
    [2m  - Expect "toBeVisible" with timeout 20000ms[22m
    [2m  - waiting for getByRole('button', { name: /\+ add line item/i })[22m


      288 |
      289 |   const addLine = page.getByRole("button", { name: /\+ add line item/i });
    > 290 |   await expect(addLine).toBeVisible({ timeout: 20_000 });
          |                         ^
      291 |   const talentSelect = page
      292 |     .locator("select")
      293 |     .filter({ has: page.locator("option", { hasText: /qa journeys talent/i }) });
        at /workspace/web/e2e/cases/C08-modelling-or-talent-agency.spec.ts:290:25

    Error Context: test-results/cases-C08-modelling-or-tal-659bc--a-line-and-sends-the-offer-chromium/error-context.md

    attachment #2: trace (application/zip) ─────────────────────────────────────────────────────────
    test-results/cases-C08-modelling-or-tal-659bc--a-line-and-sends-the-offer-chromium/trace.zip
    Usage:

        npx playwright show-trace test-results/cases-C08-modelling-or-tal-659bc--a-line-and-sends-the-offer-chromium/trace.zip

    ────────────────────────────────────────────────────────────────────────────────────────────────


[1A[2K(node:49901) Warning: The 'NO_COLOR' env is ignored due to the 'FORCE_COLOR' env being set.
(Use `node --trace-warnings ...` to show where the warning was created)


[1A[2K(node:49901) Warning: The 'NO_COLOR' env is ignored due to the 'FORCE_COLOR' env being set.
(Use `node --trace-warnings ...` to show where the warning was created)


[1A[2K[6/7] [chromium] › e2e/cases/C08-modelling-or-talent-agency.spec.ts:336:5 › C08-TAL accept: talent approves the sent offer
[1A[2K  2) [chromium] › e2e/cases/C08-modelling-or-talent-agency.spec.ts:336:5 › C08-TAL accept: talent approves the sent offer 

    Error: [2mexpect([22m[31mlocator[39m[2m).[22mtoBeVisible[2m([22m[2m)[22m failed

    Locator: getByText(/offer approved|waiting on client|awaiting client|you approved/i).first()
    Expected: visible
    Timeout: 30000ms
    Error: element(s) not found

    Call log:
    [2m  - Expect "toBeVisible" with timeout 30000ms[22m
    [2m  - waiting for getByText(/offer approved|waiting on client|awaiting client|you approved/i).first()[22m


      368 |   await expect(
      369 |     page.getByText(/offer approved|waiting on client|awaiting client|you approved/i).first(),
    > 370 |   ).toBeVisible({ timeout: 30_000 });
          |     ^
      371 |
      372 |   const approvals = await inquiryOfferApprovals(awaiting!.offerId);
      373 |   const talent = approvals.find(
        at /workspace/web/e2e/cases/C08-modelling-or-talent-agency.spec.ts:370:5

    Error Context: test-results/cases-C08-modelling-or-tal-90bed-ent-approves-the-sent-offer-chromium/error-context.md

    attachment #2: trace (application/zip) ─────────────────────────────────────────────────────────
    test-results/cases-C08-modelling-or-tal-90bed-ent-approves-the-sent-offer-chromium/trace.zip
    Usage:

        npx playwright show-trace test-results/cases-C08-modelling-or-tal-90bed-ent-approves-the-sent-offer-chromium/trace.zip

    ────────────────────────────────────────────────────────────────────────────────────────────────


[1A[2K(node:50363) Warning: The 'NO_COLOR' env is ignored due to the 'FORCE_COLOR' env being set.
(Use `node --trace-warnings ...` to show where the warning was created)


[1A[2K(node:50363) Warning: The 'NO_COLOR' env is ignored due to the 'FORCE_COLOR' env being set.
(Use `node --trace-warnings ...` to show where the warning was created)


[1A[2K[7/7] [chromium] › e2e/cases/C08-modelling-or-talent-agency.spec.ts:393:5 › C08-CUS accept: claimed client approves the sent offer
[1A[2K  3) [chromium] › e2e/cases/C08-modelling-or-talent-agency.spec.ts:393:5 › C08-CUS accept: claimed client approves the sent offer 

    Error: [2mexpect([22m[31mlocator[39m[2m).[22mtoHaveCount[2m([22m[32mexpected[39m[2m)[22m failed

    Locator:  getByRole('heading', { name: /no client account here/i })
    Expected: [32m0[39m
    Received: [31m1[39m
    Timeout:  5000ms

    Call log:
    [2m  - Expect "toHaveCount" with timeout 5000ms[22m
    [2m  - waiting for getByRole('heading', { name: /no client account here/i })[22m
    [2m    9 × locator resolved to 1 element[22m
    [2m      - unexpected value "1"[22m


      413 |     { timeout: 40_000 },
      414 |   );
    > 415 |   await expect(page.getByRole("heading", { name: /no client account here/i })).toHaveCount(0);
          |                                                                                ^
      416 |   await expect(page.getByRole("heading", { name: /this page is no longer here/i })).toHaveCount(0);
      417 |   await expect(page.getByText(/host not registered/i)).toHaveCount(0);
      418 |
        at /workspace/web/e2e/cases/C08-modelling-or-talent-agency.spec.ts:415:80

    Error Context: test-results/cases-C08-modelling-or-tal-04f66-ent-approves-the-sent-offer-chromium/error-context.md

    attachment #2: trace (application/zip) ─────────────────────────────────────────────────────────
    test-results/cases-C08-modelling-or-tal-04f66-ent-approves-the-sent-offer-chromium/trace.zip
    Usage:

        npx playwright show-trace test-results/cases-C08-modelling-or-tal-04f66-ent-approves-the-sent-offer-chromium/trace.zip

    ────────────────────────────────────────────────────────────────────────────────────────────────


[1A[2K  3 failed
    [chromium] › e2e/cases/C08-modelling-or-talent-agency.spec.ts:211:5 › C08-OP send: staff prices a line and sends the offer 
    [chromium] › e2e/cases/C08-modelling-or-talent-agency.spec.ts:336:5 › C08-TAL accept: talent approves the sent offer 
    [chromium] › e2e/cases/C08-modelling-or-talent-agency.spec.ts:393:5 › C08-CUS accept: claimed client approves the sent offer 
  4 passed (2.4m)
=== DONE C08 r4 exit=0 2026-09-11T20:38:07Z ===
