=== RERUN VENUE-table-service.spec.ts attempt=1 19:55:01 ===

Running 1 test using 1 worker

[1A[2K(node:42940) Warning: The 'NO_COLOR' env is ignored due to the 'FORCE_COLOR' env being set.
(Use `node --trace-warnings ...` to show where the warning was created)


[1A[2K(node:42940) Warning: The 'NO_COLOR' env is ignored due to the 'FORCE_COLOR' env being set.
(Use `node --trace-warnings ...` to show where the warning was created)


[1A[2K[1/1] [chromium] › e2e/cases/VENUE-table-service.spec.ts:153:5 › VENUE-OP: walk-in booked, seated, fed, amended, collected and the table handed back
[1A[2K  1) [chromium] › e2e/cases/VENUE-table-service.spec.ts:153:5 › VENUE-OP: walk-in booked, seated, fed, amended, collected and the table handed back 

    Error: [2mexpect([22m[31mlocator[39m[2m).[22mtoHaveCount[2m([22m[32mexpected[39m[2m)[22m failed

    Locator:  locator('[data-pos-sheet="walk-in"]')
    Expected: [32m0[39m
    Received: [31m1[39m
    Timeout:  20000ms

    Call log:
    [2m  - Expect "toHaveCount" with timeout 20000ms[22m
    [2m  - waiting for locator('[data-pos-sheet="walk-in"]')[22m
    [2m    24 × locator resolved to 1 element[22m
    [2m       - unexpected value "1"[22m


      198 |     await overlayClose.click();
      199 |   }
    > 200 |   await expect(walkInSheet).toHaveCount(0, { timeout: 20_000 });
          |                             ^
      201 |
      202 |   // The party lands on tonight's book: on the Waiting list (here, no table yet).
      203 |   await page.getByRole("tab", { name: /^waiting/i }).click();
        at /workspace/web/e2e/cases/VENUE-table-service.spec.ts:200:29

    Error Context: test-results/cases-VENUE-table-service--99b47-d-and-the-table-handed-back-chromium/error-context.md

    attachment #2: trace (application/zip) ─────────────────────────────────────────────────────────
    test-results/cases-VENUE-table-service--99b47-d-and-the-table-handed-back-chromium/trace.zip
    Usage:

        npx playwright show-trace test-results/cases-VENUE-table-service--99b47-d-and-the-table-handed-back-chromium/trace.zip

    ────────────────────────────────────────────────────────────────────────────────────────────────


[1A[2K  1 failed
    [chromium] › e2e/cases/VENUE-table-service.spec.ts:153:5 › VENUE-OP: walk-in booked, seated, fed, amended, collected and the table handed back 
